// Jest Snapshot v1, https://goo.gl/fbAQLP

exports[`Error should render without errors 1`] = `
Array [
  <div
    className="Error"
  >
    <h1 />
    <div />
  </div>,
]
`;
