// Jest Snapshot v1, https://goo.gl/fbAQLP

exports[`ListPosts should render without errors 1`] = `
Array [
  <Context.Provider
    value={
      Object {
        "store": Object {
          "dispatch": [Function],
          "getState": [Function],
          "replaceReducer": [Function],
          "subscribe": [Function],
          Symbol(observable): [Function],
        },
        "subscription": Subscription {
          "handleChangeWrapper": [Function],
          "listeners": Object {
            "notify": [Function],
          },
          "onStateChange": [Function],
          "parentSub": undefined,
          "store": Object {
            "dispatch": [Function],
            "getState": [Function],
            "replaceReducer": [Function],
            "subscribe": [Function],
            Symbol(observable): [Function],
          },
          "unsubscribe": null,
        },
      }
    }
  >
    <UNDEFINED />
  </Context.Provider>,
]
`;
